COMMAND=clean test build --no-daemon
STARTED=2026-08-13T20:48:34.9741729+07:00
FINISHED=2026-08-13T20:49:58.8082288+07:00
EXIT_CODE=0
RESULT=PASS

To honour the JVM settings for this build a single-use Daemon process will be forked. For more on this, please refer to https://docs.gradle.org/9.5.1/userguide/gradle_daemon.html#sec:disabling_the_daemon in the Gradle documentation.
Daemon will be stopped at the end of the build

> Configure project :platform-fabric
Fabric Loom: 1.17.19

> Task :minecraft-common:clean
> Task :construction-core:clean
> Task :architect-core:clean
> Task :minecraft-common:processResources NO-SOURCE
> Task :construction-core:processResources NO-SOURCE
> Task :platform-fabric:clean
> Task :minecraft-common:sourcesJar
> Task :minecraft-common:processTestResources NO-SOURCE
> Task :construction-core:sourcesJar
> Task :construction-core:processTestResources NO-SOURCE
> Task :platform-fabric:processResources
> Task :platform-fabric:processClientResources NO-SOURCE
> Task :platform-fabric:processIncludeJars
> Task :platform-fabric:sourcesJar
> Task :platform-fabric:processTestResources NO-SOURCE
> Task :platform-fabric:generateLog4jConfig UP-TO-DATE
> Task :platform-fabric:generateDLIConfig UP-TO-DATE
> Task :platform-fabric:processGametestResources
> Task :platform-fabric:validateAccessWidener NO-SOURCE
> Task :architect-core:compileJava
> Task :architect-core:processResources
> Task :architect-core:classes
> Task :architect-core:jar
> Task :architect-core:sourcesJar
> Task :construction-core:compileJava
> Task :construction-core:classes
> Task :minecraft-common:compileJava
> Task :minecraft-common:classes
> Task :construction-core:jar
> Task :minecraft-common:jar
> Task :minecraft-common:compileTestJava
> Task :minecraft-common:testClasses
> Task :construction-core:compileTestJava
> Task :construction-core:testClasses
> Task :architect-core:compileTestJava
> Task :architect-core:processTestResources NO-SOURCE
> Task :architect-core:testClasses
> Task :minecraft-common:test
> Task :minecraft-common:assemble
> Task :minecraft-common:check
> Task :minecraft-common:build
> Task :construction-core:test
> Task :construction-core:assemble
> Task :construction-core:check
> Task :construction-core:build
> Task :platform-fabric:compileJava
> Task :platform-fabric:classes

> Task :platform-fabric:compileClientJava

> Task :platform-fabric:clientClasses
> Task :platform-fabric:jar
> Task :platform-fabric:compileTestJava
> Task :platform-fabric:testClasses
> Task :platform-fabric:test
> Task :platform-fabric:assemble

> Task :platform-fabric:compileGametestJava

> Task :platform-fabric:deleteGameTestRunDir UP-TO-DATE
> Task :platform-fabric:acceptGameTestEula
> Task :platform-fabric:configureLaunch
> Task :platform-fabric:gametestClasses

> Task :platform-fabric:runGameTest
[20:48:56] [main/WARN] (FabricLoader/Knot) Class path entries reference missing files: D:\Terrainwright\platform-fabric\build\resources\client - the game may not load properly!
[20:48:56] [main/INFO] (FabricLoader/GameProvider) Loading Minecraft 26.2 with Fabric Loader 0.19.3
[20:48:56] [main/INFO] (FabricLoader/Mappings) Mappings not present!
[20:48:56] [main/INFO] (FabricLoader) Loading 44 mods:
	- fabric-api 0.154.2+26.2
	   |-- fabric-key-mapping-api-v1 2.0.5+e2bdee789e
	   |-- fabric-model-loading-api-v1 8.0.15+c80601bb9e
	   |-- fabric-renderer-api-v1 14.1.2+2b0d8a229e
	   |-- fabric-renderer-indigo 9.1.2+2b0d8a229e
	   |-- fabric-rendering-v1 25.3.1+6988455e9e
	   |-- fabric-screen-api-v1 5.1.0+48e3c0b09e
	   \-- fabric-sound-api-v1 2.0.5+11a26f319e
	- fabric-api-base 2.0.4+ece063239e
	- fabric-api-lookup-api-v1 2.0.17+11e1c9a39e
	- fabric-biome-api-v1 18.0.6+c7bd5b8e9e
	- fabric-block-api-v1 3.0.3+ec56b6019e
	- fabric-block-getter-api-v2 2.0.7+ec56b6019e
	- fabric-command-api-v2 3.1.0+00cb03469e
	- fabric-content-registries-v0 11.2.2+b7a678a99e
	- fabric-convention-tags-v2 4.7.0+1f023a9e9e
	- fabric-crash-report-info-v1 1.0.5+086d547a9e
	- fabric-creative-tab-api-v1 5.0.14+d871b99e9e
	- fabric-data-attachment-api-v1 2.2.17+aa0fd6fe9e
	- fabric-data-generation-api-v1 25.4.4+9e7dc27f9e
	- fabric-debug-api-v1 1.0.2+c792624d9e
	- fabric-dimensions-v1 5.1.9+9cbf5da59e
	- fabric-entity-events-v1 5.0.5+06488ac19e
	- fabric-events-interaction-v0 5.2.6+8f57f7ee9e
	- fabric-game-rule-api-v1 4.0.8+46a6d00c9e
	- fabric-gametest-api-v1 4.0.21+4a7fa0819e
	- fabric-item-api-v1 14.2.0+7aec7be39e
	- fabric-lifecycle-events-v1 4.1.3+4575b05f9e
	- fabric-loot-api-v3 3.0.17+06488ac19e
	- fabric-menu-api-v1 2.0.16+086d547a9e
	- fabric-message-api-v1 7.0.7+086d547a9e
	- fabric-networking-api-v1 6.3.3+72073ef09e
	- fabric-object-builder-api-v1 24.1.0+6fcd5f039e
	- fabric-particles-v1 5.0.18+d1756aa99e
	- fabric-permission-api-v1 1.0.3+b7020ca29e
	- fabric-recipe-api-v1 9.0.20+11e1c9a39e
	- fabric-registry-sync-v0 7.1.0+c7bd5b8e9e
	- fabric-rendering-fluids-v1 6.0.4+06488ac19e
	- fabric-resource-conditions-api-v1 6.1.0+10e9a28b9e
	- fabric-resource-loader-v0 3.3.20+4fc5413f9e
	- fabric-resource-loader-v1 2.0.13+9edec1269e
	- fabric-serialization-api-v1 2.0.4+11a26f319e
	- fabric-tag-api-v1 2.1.3+794df31d9e
	- fabric-transfer-api-v1 8.0.11+39b5a3929e
	- fabric-transitive-access-wideners-v1 8.1.4+67c847259e
	- fabricloader 0.19.3
	- java 25
	- minecraft 26.2
	- mixinextras 0.5.4
	- smart_survival_architect 0.1.0-SNAPSHOT
	- smart_survival_architect_gametest 1.0.0
[20:48:56] [main/INFO] (FabricLoader/Mixin) SpongePowered MIXIN Subsystem Version=0.8.7 Source=file:/C:/Users/clone/.gradle/caches/modules-2/files-2.1/net.fabricmc/sponge-mixin/0.17.3+mixin.0.8.7/41c4a3984a80f4679e759fb9f495587acc5cdac7/sponge-mixin-0.17.3+mixin.0.8.7.jar Service=Knot/Fabric Env=SERVER
[20:48:56] [main/INFO] (FabricLoader/Mixin) Compatibility level set to JAVA_25
[20:48:57] [main/INFO] (FabricLoader/MixinExtras|Service) Initializing MixinExtras via com.llamalad7.mixinextras.service.MixinExtrasServiceImpl(version=0.5.4).
[20:49:03] [main/INFO] (smart_survival_architect) SSA_S1_COMMON_READY block=smart_survival_architect:spike_marker
[20:49:03] [main/ERROR] (Minecraft) Failed to load properties from file: server.properties

java.nio.file.NoSuchFileException: server.properties
	at java.base/sun.nio.fs.WindowsException.translateToIOException(WindowsException.java:85)
	at java.base/sun.nio.fs.WindowsException.rethrowAsIOException(WindowsException.java:103)
	at java.base/sun.nio.fs.WindowsException.rethrowAsIOException(WindowsException.java:108)
	at java.base/sun.nio.fs.WindowsFileSystemProvider.newByteChannel(WindowsFileSystemProvider.java:231)
	at java.base/java.nio.file.Files.newByteChannel(Files.java:357)
	at java.base/java.nio.file.Files.newByteChannel(Files.java:399)
	at java.base/java.nio.file.spi.FileSystemProvider.newInputStream(FileSystemProvider.java:371)
	at java.base/java.nio.file.Files.newInputStream(Files.java:154)
	at knot//net.minecraft.server.dedicated.Settings.loadFromFile(Settings.java:62)
	at knot//net.minecraft.server.dedicated.DedicatedServerProperties.fromFile(DedicatedServerProperties.java:156)
	at knot//net.minecraft.server.dedicated.DedicatedServerSettings.<init>(DedicatedServerSettings.java:12)
	at knot//net.minecraft.server.Main.main(Main.java:117)
	at net.fabricmc.loader.impl.game.minecraft.MinecraftGameProvider.launch(MinecraftGameProvider.java:514)
	at net.fabricmc.loader.impl.launch.knot.Knot.launch(Knot.java:72)
	at net.fabricmc.loader.impl.launch.knot.KnotServer.main(KnotServer.java:23)
	at net.fabricmc.devlaunchinjector.Main.main(Main.java:86)
[20:49:03] [main/WARN] (Minecraft) Failed to load eula.txt
[20:49:03] [main/INFO] (Minecraft) Environment: Environment[sessionHost=https://sessionserver.mojang.com, servicesHost=https://api.minecraftservices.com, profilesHost=https://api.mojang.com, name=PROD]
[20:49:03] [main/INFO] (FabricGameTestRunner) Starting test server
[20:49:05] [main/INFO] (Minecraft) Loaded 1585 recipes
[20:49:05] [main/INFO] (Minecraft) Loaded 1688 advancements
[20:49:05] [main/INFO] (BiomeModificationImpl) Applied 0 biome modifications to 0 of 66 new biomes in 1.574 ms
[20:49:05] [Server thread/INFO] (Minecraft) Selecting global world spawn...
[20:49:05] [Server thread/INFO] (Minecraft) Loading 0 persistent chunks...
[20:49:05] [Server thread/INFO] (Minecraft) Preparing spawn area: 100%
[20:49:05] [Server thread/INFO] (Minecraft) Time elapsed: 363 ms
[20:49:05] [Server thread/INFO] (Minecraft) Started game test server
[20:49:05] [Server thread/INFO] (Minecraft) 35 tests are now running at position 3750483, -59, 5961486!
[20:49:07] [Server thread/INFO] (Minecraft) Running test environment 'minecraft:default' batch 0 (35 tests)...
[20:49:07] [Server thread/INFO] (smart_survival_architect_s4) SSA_S4_CODEC stack_item=minecraft:diamond_pickaxe count=1 components=2 foreign_component=detected empty=roundtrip
[20:49:07] [Server thread/INFO] (smart_survival_architect_s4) SSA_S4_CODEC block=minecraft:oak_stairs facing=east half=top foreign_property=detected roundtrip=exact
[20:49:07] [Server thread/INFO] (smart_survival_architect_s2) SSA_S2_FIXTURE name=chunk_unload outcome=SUSPENDED state=SUSPENDED_CHUNK_UNLOADED attempts=0 scaffold=0 stuck_timeouts=0 max_delta=0.0
[20:49:07] [Server thread/INFO] (Minecraft) test-mock-player[embedded] logged in with entity id 21 at (0.0, 0.0, 0.0)
[20:49:08] [Server thread/INFO] (Minecraft) test-mock-player joined the game
[20:49:08] [Server thread/INFO] (Minecraft) test-mock-player has made the advancement [We Need to Go Deeper]
[20:49:08] [Server thread/WARN] (Minecraft) Can't keep up! Is the server overloaded? Running 2048ms or 40 ticks behind
[20:49:08] [Server thread/INFO] (smart_survival_architect_s2) SSA_S2_FIXTURE name=fence_obstruction outcome=BLOCKED state=BLOCKED attempts=0 scaffold=0 stuck_timeouts=0 max_delta=0.0
[20:49:08] [Server thread/INFO] (smart_survival_architect_s2) SSA_S2_PROFILE count=100 p50_us=357 p95_us=556 max_us=1321
[20:49:08] [Server thread/INFO] (Minecraft) [+__+_+_++_+__+++++++_+_+++_++++++++]
[20:49:08] [Server thread/INFO] (Minecraft) [+__+_+_++_+__+++++++_+_+++_++++++++]
[20:49:08] [Server thread/INFO] (smart_survival_architect_s2) SSA_S2_FIXTURE name=doorway outcome=SUCCESS state=SUCCESS attempts=1 scaffold=0 stuck_timeouts=0 max_delta=0.8968304412475515
[20:49:08] [Server thread/INFO] (smart_survival_architect_s2) SSA_S2_FIXTURE name=scaffold_required outcome=SUCCESS state=SUCCESS attempts=4 scaffold=3 stuck_timeouts=0 max_delta=1.0194597574284066
[20:49:08] [Server thread/INFO] (smart_survival_architect_s2) SSA_S2_FIXTURE name=step outcome=SUCCESS state=SUCCESS attempts=1 scaffold=0 stuck_timeouts=0 max_delta=1.018989341942765
[20:49:08] [Server thread/INFO] (smart_survival_architect_s2) SSA_S2_FIXTURE name=flat outcome=SUCCESS state=SUCCESS attempts=1 scaffold=0 stuck_timeouts=0 max_delta=0.896830451283378
[20:49:08] [Server thread/INFO] (smart_survival_architect_s2) SSA_S2_FIXTURE name=upper_floor outcome=SUCCESS state=SUCCESS attempts=1 scaffold=0 stuck_timeouts=0 max_delta=1.0189337891362173
[20:49:08] [Server thread/INFO] (smart_survival_architect_s2) SSA_S2_FIXTURE name=impossible_target outcome=BLOCKED_STABLE state=BLOCKED attempts=0 scaffold=0 stuck_timeouts=0 max_delta=0.0
[20:49:08] [Server thread/INFO] (Minecraft) [+++++++++++_++++++++_+_++++++++++++]
[20:49:08] [Server thread/INFO] (Minecraft) [+++++++++++_++++++++_+_++++++++++++]
[20:49:08] [Server thread/INFO] (smart_survival_architect_s2) SSA_S2_FIXTURE name=stuck_timeout outcome=BLOCKED state=BLOCKED attempts=3 scaffold=0 stuck_timeouts=1 max_delta=0.8968304955081652
[20:49:09] [Server thread/INFO] (Minecraft) [++++++++++++++++++++_+_++++++++++++]
[20:49:09] [Server thread/INFO] (Minecraft) [++++++++++++++++++++++_++++++++++++]
[20:49:09] [Server thread/INFO] (Minecraft) [+++++++++++++++++++++++++++++++++++]
[20:49:09] [Server thread/INFO] (Minecraft) ========= 35 GAME TESTS COMPLETE IN 3.240 s ======================
[20:49:09] [Server thread/INFO] (Minecraft) All 35 required tests passed :)
[20:49:09] [Server thread/INFO] (Minecraft) ====================================================
[20:49:09] [Server thread/INFO] (Minecraft) Stopping server
[20:49:09] [Server thread/INFO] (Minecraft) Saving players
[20:49:09] [Server thread/INFO] (Minecraft) test-mock-player lost connection: Server closed
[20:49:09] [Server thread/INFO] (Minecraft) test-mock-player left the game
[20:49:09] [Server thread/INFO] (Minecraft) Saving worlds
[20:49:09] [Server thread/INFO] (Minecraft) Saving chunks for level 'ServerLevel[Test Level]'/minecraft:overworld
[20:49:09] [Server thread/INFO] (Minecraft) Saving chunks for level 'ServerLevel[Test Level]'/minecraft:the_nether
[20:49:09] [Server thread/INFO] (Minecraft) Saving chunks for level 'ServerLevel[Test Level]'/minecraft:the_end
[20:49:09] [Server thread/INFO] (Minecraft) ThreadedAnvilChunkStorage (world): All chunks are saved
[20:49:09] [Server thread/INFO] (Minecraft) ThreadedAnvilChunkStorage (DIM-1): All chunks are saved
[20:49:09] [Server thread/INFO] (Minecraft) ThreadedAnvilChunkStorage (DIM1): All chunks are saved
[20:49:09] [Server thread/INFO] (Minecraft) ThreadedAnvilChunkStorage: All dimensions are saved
[20:49:09] [Server thread/INFO] (Minecraft) Game test server shutting down

> Task :platform-fabric:check
> Task :platform-fabric:build
> Task :architect-core:test
> Task :architect-core:assemble
> Task :architect-core:check
> Task :architect-core:build

[Incubating] Problems report is available at: file:///D:/Terrainwright/build/reports/problems/problems-report.html

Deprecated Gradle features were used in this build, making it incompatible with Gradle 10.

You can use '--warning-mode all' to show the individual deprecation warnings and determine if they come from your own scripts or plugins.

For more on this, please refer to https://docs.gradle.org/9.5.1/userguide/command_line_interface.html#sec:command_line_warnings in the Gradle documentation.

BUILD SUCCESSFUL in 1m 23s
35 actionable tasks: 32 executed, 3 up-to-date

Note: D:\Terrainwright\platform-fabric\src\client\java\dev\ssa\fabric\client\SmartSurvivalArchitectClient.java uses or overrides a deprecated API.
Note: Recompile with -Xlint:deprecation for details.
WARNING: A terminally deprecated method in sun.misc.Unsafe has been called
WARNING: sun.misc.Unsafe::objectFieldOffset has been called by org.joml.MemUtil$MemUtilUnsafe (file:/C:/Users/clone/.gradle/caches/modules-2/files-2.1/org.joml/joml/1.10.8/fc0a71dad90a2cf41d82a76156a0e700af8e4f8d/joml-1.10.8.jar)
WARNING: Please consider reporting this to the maintainers of class org.joml.MemUtil$MemUtilUnsafe
WARNING: sun.misc.Unsafe::objectFieldOffset will be removed in a future release
D:\Terrainwright\platform-fabric\src\gametest\java\dev\ssa\fabric\preview\PreviewAuthorityGameTest.java:48: warning: [removal] makeMockServerPlayerInLevel() in GameTestHelper has been deprecated and marked for removal
        ServerPlayer player = context.makeMockServerPlayerInLevel();
                                     ^
1 warning
