MODE=S3_DEFAULT
COMMAND=:platform-fabric:runClientGameTest --no-daemon
STARTED=2026-08-10T22:38:02.2026984+07:00
FINISHED=2026-08-10T22:38:28.6299594+07:00
EXIT_CODE=0
RESULT=PASS
DETAIL=Screenshots, lifecycle and budgets passed.

To honour the JVM settings for this build a single-use Daemon process will be forked. For more on this, please refer to https://docs.gradle.org/9.5.1/userguide/gradle_daemon.html#sec:disabling_the_daemon in the Gradle documentation.
Daemon will be stopped at the end of the build

> Configure project :platform-fabric
Fabric Loom: 1.17.19

> Task :construction-core:processResources NO-SOURCE
> Task :minecraft-common:processResources NO-SOURCE
> Task :platform-fabric:processResources UP-TO-DATE
> Task :architect-core:compileJava UP-TO-DATE
> Task :platform-fabric:processClientResources NO-SOURCE
> Task :architect-core:processResources NO-SOURCE
> Task :architect-core:classes UP-TO-DATE
> Task :construction-core:compileJava NO-SOURCE
> Task :construction-core:classes UP-TO-DATE
> Task :minecraft-common:compileJava NO-SOURCE
> Task :minecraft-common:classes UP-TO-DATE
> Task :construction-core:jar UP-TO-DATE
> Task :architect-core:jar UP-TO-DATE
> Task :minecraft-common:jar UP-TO-DATE
> Task :platform-fabric:deleteGameTestRunDir
> Task :platform-fabric:compileJava UP-TO-DATE
> Task :platform-fabric:classes UP-TO-DATE
> Task :platform-fabric:compileClientJava UP-TO-DATE
> Task :platform-fabric:clientClasses UP-TO-DATE
> Task :platform-fabric:compileGametestJava UP-TO-DATE
> Task :platform-fabric:acceptGameTestEula
> Task :platform-fabric:generateLog4jConfig UP-TO-DATE
> Task :platform-fabric:generateDLIConfig UP-TO-DATE
> Task :platform-fabric:configureLaunch
> Task :platform-fabric:downloadAssets UP-TO-DATE
> Task :platform-fabric:configureClientLaunch
> Task :platform-fabric:processGametestResources UP-TO-DATE
> Task :platform-fabric:gametestClasses UP-TO-DATE

> Task :platform-fabric:runClientGameTest
[22:38:08] [main/WARN] (FabricLoader/Knot) Class path entries reference missing files: D:\Terrainwright\platform-fabric\build\resources\client - the game may not load properly!
[22:38:08] [main/INFO] (FabricLoader/GameProvider) Loading Minecraft 26.2 with Fabric Loader 0.19.3
[22:38:08] [main/INFO] (FabricLoader/Mappings) Mappings not present!
[22:38:08] [main/INFO] (FabricLoader) Loading 52 mods:
	- fabric-api 0.154.2+26.2
	- fabric-api-base 2.0.4+ece063239e
	- fabric-api-lookup-api-v1 2.0.17+11e1c9a39e
	- fabric-biome-api-v1 18.0.6+c7bd5b8e9e
	- fabric-block-api-v1 3.0.3+ec56b6019e
	- fabric-block-getter-api-v2 2.0.7+ec56b6019e
	- fabric-client-gametest-api-v1 5.1.1+37925be69e
	- fabric-command-api-v2 3.1.0+00cb03469e
	- fabric-content-registries-v0 11.2.2+b7a678a99e
	- fabric-convention-tags-v2 4.7.0+1f023a9e9e
	- fabric-crash-report-info-v1 1.0.5+086d547a9e
	- fabric-creative-tab-api-v1 5.0.14+d871b99e9e
	- fabric-data-attachment-api-v1 2.2.17+aa0fd6fe9e
	- fabric-data-generation-api-v1 25.4.4+9e7dc27f9e
	- fabric-debug-api-v1 1.0.2+c792624d9e
	- fabric-dimensions-v1 5.1.9+9cbf5da59e
	- fabric-entity-events-v1 5.0.5+06488ac19e
	- fabric-events-interaction-v0 5.2.6+8f57f7ee9e
	- fabric-game-rule-api-v1 4.0.8+46a6d00c9e
	- fabric-gametest-api-v1 4.0.21+4a7fa0819e
	- fabric-item-api-v1 14.2.0+7aec7be39e
	- fabric-key-mapping-api-v1 2.0.5+e2bdee789e
	- fabric-lifecycle-events-v1 4.1.3+4575b05f9e
	- fabric-loot-api-v3 3.0.17+06488ac19e
	- fabric-menu-api-v1 2.0.16+086d547a9e
	- fabric-message-api-v1 7.0.7+086d547a9e
	- fabric-model-loading-api-v1 8.0.15+c80601bb9e
	- fabric-networking-api-v1 6.3.3+72073ef09e
	- fabric-object-builder-api-v1 24.1.0+6fcd5f039e
	- fabric-particles-v1 5.0.18+d1756aa99e
	- fabric-permission-api-v1 1.0.3+b7020ca29e
	- fabric-recipe-api-v1 9.0.20+11e1c9a39e
	- fabric-registry-sync-v0 7.1.0+c7bd5b8e9e
	- fabric-renderer-api-v1 14.1.2+2b0d8a229e
	- fabric-renderer-indigo 9.1.2+2b0d8a229e
	- fabric-rendering-fluids-v1 6.0.4+06488ac19e
	- fabric-rendering-v1 25.3.1+6988455e9e
	- fabric-resource-conditions-api-v1 6.1.0+10e9a28b9e
	- fabric-resource-loader-v0 3.3.20+4fc5413f9e
	- fabric-resource-loader-v1 2.0.13+9edec1269e
	- fabric-screen-api-v1 5.1.0+48e3c0b09e
	- fabric-serialization-api-v1 2.0.4+11a26f319e
	- fabric-sound-api-v1 2.0.5+11a26f319e
	- fabric-tag-api-v1 2.1.3+794df31d9e
	- fabric-transfer-api-v1 8.0.11+39b5a3929e
	- fabric-transitive-access-wideners-v1 8.1.4+67c847259e
	- fabricloader 0.19.3
	- java 25
	- minecraft 26.2
	- mixinextras 0.5.4
	- smart_survival_architect 0.1.0-SNAPSHOT
	- smart_survival_architect_gametest 1.0.0
[22:38:09] [main/INFO] (FabricLoader/Mixin) SpongePowered MIXIN Subsystem Version=0.8.7 Source=file:/C:/Users/clone/.gradle/caches/modules-2/files-2.1/net.fabricmc/sponge-mixin/0.17.3+mixin.0.8.7/41c4a3984a80f4679e759fb9f495587acc5cdac7/sponge-mixin-0.17.3+mixin.0.8.7.jar Service=Knot/Fabric Env=CLIENT
[22:38:09] [main/INFO] (FabricLoader/Mixin) Compatibility level set to JAVA_25
[22:38:10] [main/INFO] (FabricLoader/MixinExtras|Service) Initializing MixinExtras via com.llamalad7.mixinextras.service.MixinExtrasServiceImpl(version=0.5.4).
[22:38:10] [Datafixer Bootstrap #0/INFO] (Minecraft) 295 Datafixer optimizations took 257 milliseconds
[22:38:15] [Render thread/INFO] (Minecraft) Environment: Environment[sessionHost=https://sessionserver.mojang.com, servicesHost=https://api.minecraftservices.com, profilesHost=https://api.mojang.com, name=PROD]
[22:38:15] [Render thread/INFO] (Minecraft) Setting user: Player0
[22:38:15] [Render thread/INFO] (smart_survival_architect) SSA_S1_COMMON_READY block=smart_survival_architect:spike_marker
[22:38:15] [Render thread/INFO] (Indigo) [Indigo] Registering Indigo renderer!
[22:38:15] [Render thread/INFO] (smart_survival_architect) SSA_S1_CLIENT_READY
[22:38:15] [Render thread/ERROR] (Minecraft) Illegal option value 0 for Anisotropic Filtering
[22:38:15] [Render thread/INFO] (Minecraft) Backend library: LWJGL version 3.4.1-snapshot
[22:38:16] [Render thread/INFO] (Minecraft) Using graphics backend OpenGL, using drivers: 3.3.0 NVIDIA 591.86
[22:38:16] [Render thread/INFO] (Minecraft) Using graphics device: NVIDIA GeForce RTX 4060/PCIe/SSE2 (NVIDIA Corporation)
[22:38:16] [Render thread/INFO] (Minecraft) Using graphics device extensions: GL_ARB_multi_draw_indirect, GL_ARB_buffer_storage, GL_ARB_shader_draw_parameters, GL_ARB_base_instance, GL_KHR_debug, GL_ARB_draw_indirect, GL_ARB_clip_control, GL_ARB_vertex_attrib_binding, GL_ARB_direct_state_access, GL_EXT_texture_filter_anisotropic
[22:38:17] [Render thread/INFO] (Minecraft) Reloading ResourceManager: vanilla, fabric-api, fabric-api-base, fabric-api-lookup-api-v1, fabric-biome-api-v1, fabric-block-api-v1, fabric-block-getter-api-v2, fabric-client-gametest-api-v1, fabric-command-api-v2, fabric-content-registries-v0, fabric-convention-tags-v2, fabric-crash-report-info-v1, fabric-creative-tab-api-v1, fabric-data-attachment-api-v1, fabric-data-generation-api-v1, fabric-debug-api-v1, fabric-dimensions-v1, fabric-entity-events-v1, fabric-events-interaction-v0, fabric-game-rule-api-v1, fabric-gametest-api-v1, fabric-item-api-v1, fabric-key-mapping-api-v1, fabric-lifecycle-events-v1, fabric-loot-api-v3, fabric-menu-api-v1, fabric-message-api-v1, fabric-model-loading-api-v1, fabric-networking-api-v1, fabric-object-builder-api-v1, fabric-particles-v1, fabric-permission-api-v1, fabric-recipe-api-v1, fabric-registry-sync-v0, fabric-renderer-api-v1, fabric-renderer-indigo, fabric-rendering-fluids-v1, fabric-rendering-v1, fabric-resource-conditions-api-v1, fabric-resource-loader-v0, fabric-resource-loader-v1, fabric-screen-api-v1, fabric-serialization-api-v1, fabric-sound-api-v1, fabric-tag-api-v1, fabric-transfer-api-v1, fabric-transitive-access-wideners-v1, fabricloader
[22:38:17] [Render thread/INFO] (smart_survival_architect) SSA_S1_CLIENT_STARTED
[22:38:17] [Worker-Main-11/INFO] (Minecraft) Found unifont_pua-17.0.01.hex, loading
[22:38:17] [Worker-Main-12/INFO] (Minecraft) Found unifont_all_no_pua-17.0.01.hex, loading
[22:38:17] [Worker-Main-15/INFO] (Minecraft) Found unifont_jp_patch-17.0.01.hex, loading
[22:38:17] [Download-2/INFO] (Minecraft) Could not authorize you against Realms server: java.lang.RuntimeException: Failed to parse into SignedJWT: FabricMC
[22:38:18] [Worker-Main-2/WARN] (Minecraft) Missing model for variant: 'Block{smart_survival_architect:spike_marker}'
[22:38:18] [Render thread/INFO] (Minecraft) OpenAL initialized on device OpenAL Soft on Speakers (USB Audio Device)
[22:38:18] [Render thread/INFO] (Minecraft) Sound engine started
[22:38:18] [Render thread/INFO] (Minecraft) Created: 512x256x0 minecraft:textures/atlas/particles.png-atlas
[22:38:18] [Render thread/INFO] (Minecraft) Created: 128x128x0 minecraft:textures/atlas/decorated_pot.png-atlas
[22:38:18] [Render thread/INFO] (Minecraft) Created: 2048x1024x0 minecraft:textures/atlas/armor_trims.png-atlas
[22:38:18] [Render thread/INFO] (Minecraft) Created: 512x256x0 minecraft:textures/atlas/paintings.png-atlas
[22:38:18] [Render thread/INFO] (Minecraft) Created: 1024x512x0 minecraft:textures/atlas/shield_patterns.png-atlas
[22:38:18] [Render thread/INFO] (Minecraft) Created: 2048x2048x4 minecraft:textures/atlas/blocks.png-atlas
[22:38:18] [Render thread/INFO] (Minecraft) Created: 512x512x0 minecraft:textures/atlas/chest.png-atlas
[22:38:18] [Render thread/INFO] (Minecraft) Created: 256x128x0 minecraft:textures/atlas/celestials.png-atlas
[22:38:18] [Render thread/INFO] (Minecraft) Created: 1024x512x0 minecraft:textures/atlas/banner_patterns.png-atlas
[22:38:18] [Render thread/INFO] (Minecraft) Created: 1024x512x0 minecraft:textures/atlas/items.png-atlas
[22:38:18] [Render thread/INFO] (Minecraft) Created: 1024x1024x0 minecraft:textures/atlas/gui.png-atlas
[22:38:18] [Render thread/INFO] (Minecraft) Created: 128x64x0 minecraft:textures/atlas/map_decorations.png-atlas
[22:38:18] [Render thread/INFO] (Minecraft) Created: 512x512x0 minecraft:textures/atlas/shulker_boxes.png-atlas
[22:38:18] [Download-2/INFO] (Minecraft) Could not authorize you against Realms server: java.lang.RuntimeException: Failed to parse into SignedJWT: FabricMC
[22:38:21] [Render thread/INFO] (Minecraft) Loaded 1585 recipes
[22:38:21] [Render thread/INFO] (Minecraft) Loaded 1688 advancements
[22:38:21] [Render thread/INFO] (fabric-client-gametest-api-v1) World loading finished: null screen: net.minecraft.client.gui.screens.GenericMessageScreen@612b13d9
[22:38:21] [Render thread/INFO] (BiomeModificationImpl) Applied 0 biome modifications to 0 of 66 new biomes in 1.075 ms
[22:38:21] [Server thread/INFO] (Minecraft) Starting integrated minecraft server version 26.2
[22:38:21] [Server thread/INFO] (Minecraft) Generating keypair
[22:38:21] [Server thread/INFO] (Minecraft) Selecting global world spawn...
[22:38:22] [Server thread/INFO] (Minecraft) Loading 0 persistent chunks...
[22:38:22] [Server thread/INFO] (Minecraft) Preparing spawn area: 16%
[22:38:22] [Server thread/INFO] (Minecraft) Saving chunks for level 'ServerLevel[New World]'/minecraft:overworld
[22:38:22] [Server thread/INFO] (Minecraft) Saving chunks for level 'ServerLevel[New World]'/minecraft:the_nether
[22:38:22] [Server thread/INFO] (Minecraft) Saving chunks for level 'ServerLevel[New World]'/minecraft:the_end
[22:38:22] [Server thread/INFO] (Minecraft) ThreadedAnvilChunkStorage (world): All chunks are saved
[22:38:22] [Server thread/INFO] (Minecraft) ThreadedAnvilChunkStorage (DIM-1): All chunks are saved
[22:38:22] [Server thread/INFO] (Minecraft) ThreadedAnvilChunkStorage (DIM1): All chunks are saved
[22:38:22] [Server thread/INFO] (Minecraft) ThreadedAnvilChunkStorage: All dimensions are saved
[22:38:22] [Render thread/INFO] (fabric-client-gametest-api-v1) World loading finished: null screen: net.minecraft.client.gui.screens.LevelLoadingScreen@3b0114b8
[22:38:22] [Render thread/INFO] (fabric-client-gametest-api-v1) World loading finished: null screen: net.minecraft.client.gui.screens.LevelLoadingScreen@3b0114b8
[22:38:22] [Render thread/INFO] (fabric-client-gametest-api-v1) World loading finished: null screen: net.minecraft.client.gui.screens.LevelLoadingScreen@3b0114b8
[22:38:22] [Render thread/INFO] (fabric-client-gametest-api-v1) World loading finished: null screen: net.minecraft.client.gui.screens.LevelLoadingScreen@3b0114b8
[22:38:22] [Render thread/INFO] (fabric-client-gametest-api-v1) World loading finished: null screen: net.minecraft.client.gui.screens.LevelLoadingScreen@3b0114b8
[22:38:22] [Render thread/INFO] (fabric-client-gametest-api-v1) World loading finished: null screen: net.minecraft.client.gui.screens.LevelLoadingScreen@3b0114b8
[22:38:22] [Render thread/INFO] (fabric-client-gametest-api-v1) World loading finished: null screen: net.minecraft.client.gui.screens.LevelLoadingScreen@3b0114b8
[22:38:22] [Server thread/INFO] (Minecraft) Loading 48 chunks for player spawn...
[22:38:22] [Server thread/INFO] (Minecraft) Preparing spawn area: 16%
[22:38:22] [Render thread/INFO] (fabric-client-gametest-api-v1) World loading finished: null screen: net.minecraft.client.gui.screens.LevelLoadingScreen@3b0114b8
[22:38:22] [Render thread/INFO] (fabric-client-gametest-api-v1) World loading finished: null screen: net.minecraft.client.gui.screens.LevelLoadingScreen@3b0114b8
[22:38:22] [Render thread/INFO] (fabric-client-gametest-api-v1) World loading finished: null screen: net.minecraft.client.gui.screens.LevelLoadingScreen@3b0114b8
[22:38:22] [Render thread/INFO] (fabric-client-gametest-api-v1) World loading finished: null screen: net.minecraft.client.gui.screens.LevelLoadingScreen@3b0114b8
[22:38:22] [Render thread/INFO] (fabric-client-gametest-api-v1) World loading finished: null screen: net.minecraft.client.gui.screens.LevelLoadingScreen@3b0114b8
[22:38:22] [Render thread/INFO] (fabric-client-gametest-api-v1) World loading finished: null screen: net.minecraft.client.gui.screens.LevelLoadingScreen@3b0114b8
[22:38:22] [Server thread/INFO] (Minecraft) Time elapsed: 990 ms
[22:38:22] [Render thread/INFO] (fabric-client-gametest-api-v1) World loading finished: null screen: net.minecraft.client.gui.screens.LevelLoadingScreen@3b0114b8
[22:38:22] [Server thread/INFO] (Minecraft) Player0[local:E:f7b22e15] logged in with entity id 1 at (0.5, -60.0, 0.5)
[22:38:22] [Server thread/INFO] (Minecraft) Player0 joined the game
[22:38:23] [Server thread/INFO] (Minecraft) Changing view distance to 5, from 10
[22:38:23] [Server thread/INFO] (Minecraft) Changing simulation distance to 12, from 0
[22:38:23] [Render thread/INFO] (fabric-client-gametest-api-v1) World loading finished: null screen: net.minecraft.client.gui.screens.LevelLoadingScreen@3b0114b8
[22:38:23] [Render thread/INFO] (Minecraft) Loaded 2 advancements
[22:38:23] [Render thread/INFO] (fabric-client-gametest-api-v1) World loading finished: ClientLevel screen: net.minecraft.client.gui.screens.LevelLoadingScreen@3b0114b8
[22:38:23] [Render thread/INFO] (Minecraft) Resizing Dynamic Transforms UBO, capacity limit of 2 reached during a single frame. New capacity will be 4.
[22:38:23] [Render thread/INFO] (fabric-client-gametest-api-v1) World loading finished: ClientLevel screen: net.minecraft.client.gui.screens.LevelLoadingScreen@3b0114b8
[22:38:23] [Render thread/INFO] (Minecraft) Resizing Dynamic Transforms UBO, capacity limit of 4 reached during a single frame. New capacity will be 8.
[22:38:23] [Render thread/INFO] (fabric-client-gametest-api-v1) World loading finished: ClientLevel screen: net.minecraft.client.gui.screens.LevelLoadingScreen@3b0114b8
[22:38:23] [Render thread/INFO] (Minecraft) Resizing Dynamic Transforms UBO, capacity limit of 8 reached during a single frame. New capacity will be 16.
[22:38:23] [Render thread/INFO] (fabric-client-gametest-api-v1) World loading finished: ClientLevel screen: net.minecraft.client.gui.screens.LevelLoadingScreen@3b0114b8
[22:38:23] [Render thread/INFO] (fabric-client-gametest-api-v1) World loading finished: ClientLevel screen: net.minecraft.client.gui.screens.LevelLoadingScreen@3b0114b8
[22:38:23] [Render thread/INFO] (Minecraft) Resizing Chunk Sections UBO, capacity limit of 2 reached during a single frame. New capacity will be 8.
[22:38:23] [Render thread/INFO] (fabric-client-gametest-api-v1) World loading finished: ClientLevel screen: net.minecraft.client.gui.screens.LevelLoadingScreen@3b0114b8
[22:38:23] [Render thread/INFO] (fabric-client-gametest-api-v1) World loading finished: ClientLevel screen: net.minecraft.client.gui.screens.LevelLoadingScreen@3b0114b8
[22:38:23] [Render thread/INFO] (Minecraft) Resizing Chunk Sections UBO, capacity limit of 8 reached during a single frame. New capacity will be 16.
[22:38:23] [Render thread/INFO] (fabric-client-gametest-api-v1) World loading finished: ClientLevel screen: net.minecraft.client.gui.screens.LevelLoadingScreen@3b0114b8
[22:38:23] [Render thread/INFO] (fabric-client-gametest-api-v1) World loading finished: ClientLevel screen: net.minecraft.client.gui.screens.LevelLoadingScreen@3b0114b8
[22:38:23] [Render thread/INFO] (fabric-client-gametest-api-v1) World loading finished: ClientLevel screen: net.minecraft.client.gui.screens.LevelLoadingScreen@3b0114b8
[22:38:23] [Render thread/INFO] (fabric-client-gametest-api-v1) World loading finished: ClientLevel screen: net.minecraft.client.gui.screens.LevelLoadingScreen@3b0114b8
[22:38:23] [Render thread/INFO] (fabric-client-gametest-api-v1) World loading finished: ClientLevel screen: net.minecraft.client.gui.screens.LevelLoadingScreen@3b0114b8
[22:38:23] [Render thread/INFO] (fabric-client-gametest-api-v1) World loading finished: ClientLevel screen: net.minecraft.client.gui.screens.LevelLoadingScreen@3b0114b8
[22:38:23] [Render thread/INFO] (Minecraft) Resizing Chunk Sections UBO, capacity limit of 16 reached during a single frame. New capacity will be 32.
[22:38:23] [Render thread/INFO] (fabric-client-gametest-api-v1) World loading finished: ClientLevel screen: net.minecraft.client.gui.screens.LevelLoadingScreen@3b0114b8
[22:38:23] [Render thread/INFO] (fabric-client-gametest-api-v1) World loading finished: ClientLevel screen: net.minecraft.client.gui.screens.LevelLoadingScreen@3b0114b8
[22:38:23] [Render thread/INFO] (fabric-client-gametest-api-v1) World loading finished: ClientLevel screen: null
[22:38:23] [Server thread/INFO] (Minecraft) Set minecraft:overworld to time marker minecraft:day
[22:38:23] [Server thread/INFO] (Minecraft) Set the weather to clear
[22:38:23] [Server thread/INFO] (Minecraft) Set Player0's game mode to Spectator Mode
[22:38:23] [Server thread/INFO] (Minecraft) Teleported Player0 to 12.500000, 92.000000, 48.500000
[22:38:23] [Render thread/INFO] (Minecraft) [System] [CHAT] Your game mode has been updated to Spectator Mode
[22:38:23] [Download-2/ERROR] (Minecraft) Failed to retrieve profile key pair

MinecraftClientHttpException[type=HTTP_ERROR, status=401, response=ErrorResponse[path=/player/certificates, error=null, errorMessage=null, details=null]]
	at knot//com.mojang.authlib.minecraft.client.MinecraftClient.buildHttpException(MinecraftClient.java:170)
	at knot//com.mojang.authlib.minecraft.client.MinecraftClient.readServiceResponse(MinecraftClient.java:147)
	at knot//com.mojang.authlib.minecraft.client.MinecraftClient.post(MinecraftClient.java:89)
	at knot//com.mojang.authlib.yggdrasil.YggdrasilUserApiService.getKeyPair(YggdrasilUserApiService.java:62)
	at knot//net.minecraft.client.multiplayer.AccountProfileKeyPairManager.fetchProfileKeyPair(AccountProfileKeyPairManager.java:128)
	at knot//net.minecraft.client.multiplayer.AccountProfileKeyPairManager.lambda$readOrFetchProfileKeyPair$0(AccountProfileKeyPairManager.java:77)
	at java.base/java.util.concurrent.CompletableFuture$AsyncSupply.run(CompletableFuture.java:1789)
	at java.base/java.util.concurrent.ThreadPoolExecutor.runWorker(ThreadPoolExecutor.java:1090)
	at java.base/java.util.concurrent.ThreadPoolExecutor$Worker.run(ThreadPoolExecutor.java:614)
	at java.base/java.lang.Thread.run(Thread.java:1474)
[22:38:25] [Test thread/INFO] (smart_survival_architect_s3) SSA_S3_CAMERA position=(12.5, 93.61999988555908, 48.5),yaw=180.0,pitch=18.0
[22:38:26] [Test thread/INFO] (smart_survival_architect_s3) SSA_S3_SCREENSHOT blocks=1000 revision=1 rotation=0 backend=OpenGL/NVIDIA GeForce RTX 4060/PCIe/SSE2/3.3.0 NVIDIA 591.86 layers=REQUIRED:200,OPTIONAL:200,TERRAIN_FILL:200,TERRAIN_REMOVAL:200,CONFLICT:200 path=D:\Terrainwright\platform-fabric\build\run\clientGameTest\screenshots\0000_ssa-s3-preview-1000.png
[22:38:26] [Test thread/INFO] (smart_survival_architect_s3) SSA_S3_SCREENSHOT blocks=5000 revision=2 rotation=0 backend=OpenGL/NVIDIA GeForce RTX 4060/PCIe/SSE2/3.3.0 NVIDIA 591.86 layers=REQUIRED:1000,OPTIONAL:1000,TERRAIN_FILL:1000,TERRAIN_REMOVAL:1000,CONFLICT:1000 path=D:\Terrainwright\platform-fabric\build\run\clientGameTest\screenshots\0001_ssa-s3-preview-5000.png
[22:38:27] [Test thread/INFO] (smart_survival_architect_s3) SSA_S3_PROFILE blocks=5000 frames=120 p50_us=32 p95_us=64 max_us=379 p95_alloc_bytes=1752 max_alloc_bytes=1752
[22:38:27] [Test thread/INFO] (smart_survival_architect_s3) SSA_S3_LIFECYCLE active=none created=4 closed=4 live=0
[22:38:27] [Server thread/INFO] (Minecraft) Player0 lost connection: Disconnected
[22:38:27] [Server thread/INFO] (Minecraft) Player0 left the game
[22:38:27] [Server thread/INFO] (Minecraft) Stopping singleplayer server as player logged out
[22:38:27] [Server thread/INFO] (Minecraft) Stopping server
[22:38:27] [Server thread/INFO] (Minecraft) Saving players
[22:38:27] [Server thread/INFO] (Minecraft) Saving worlds
[22:38:27] [Server thread/INFO] (Minecraft) Saving chunks for level 'ServerLevel[New World]'/minecraft:overworld
[22:38:28] [Server thread/INFO] (Minecraft) Saving chunks for level 'ServerLevel[New World]'/minecraft:the_nether
[22:38:28] [Server thread/INFO] (Minecraft) Saving chunks for level 'ServerLevel[New World]'/minecraft:the_end
[22:38:28] [Server thread/INFO] (Minecraft) ThreadedAnvilChunkStorage (world): All chunks are saved
[22:38:28] [Server thread/INFO] (Minecraft) ThreadedAnvilChunkStorage (DIM-1): All chunks are saved
[22:38:28] [Server thread/INFO] (Minecraft) ThreadedAnvilChunkStorage (DIM1): All chunks are saved
[22:38:28] [Server thread/INFO] (Minecraft) ThreadedAnvilChunkStorage: All dimensions are saved
[22:38:28] [Render thread/INFO] (Minecraft) Stopping!

BUILD SUCCESSFUL in 26s
15 actionable tasks: 3 executed, 12 up-to-date
