MODE=Client
COMMAND=.\\gradlew.bat :platform-fabric:runClient --no-daemon
STARTED=2026-08-10T21:39:59.1458667+07:00
FINISHED=2026-08-10T21:40:16.1469723+07:00
RESULT=PASS
DETAIL=Readiness markers observed.

OUT To honour the JVM settings for this build a single-use Daemon process will be forked. For more on this, please refer to https://docs.gradle.org/9.5.1/userguide/gradle_daemon.html#sec:disabling_the_daemon in the Gradle documentation.
OUT Daemon will be stopped at the end of the build
OUT
OUT > Configure project :platform-fabric
OUT Fabric Loom: 1.17.19
OUT
OUT > Task :minecraft-common:processResources NO-SOURCE
OUT > Task :construction-core:processResources NO-SOURCE
OUT > Task :platform-fabric:processResources UP-TO-DATE
OUT > Task :architect-core:compileJava UP-TO-DATE
OUT > Task :platform-fabric:processClientResources NO-SOURCE
OUT > Task :architect-core:processResources NO-SOURCE
OUT > Task :platform-fabric:generateLog4jConfig UP-TO-DATE
OUT > Task :construction-core:compileJava NO-SOURCE
OUT > Task :architect-core:classes UP-TO-DATE
OUT > Task :construction-core:classes UP-TO-DATE
OUT > Task :minecraft-common:compileJava NO-SOURCE
OUT > Task :minecraft-common:classes UP-TO-DATE
OUT > Task :construction-core:jar UP-TO-DATE
OUT > Task :architect-core:jar UP-TO-DATE
OUT > Task :platform-fabric:generateDLIConfig UP-TO-DATE
OUT > Task :minecraft-common:jar UP-TO-DATE
OUT > Task :platform-fabric:compileJava UP-TO-DATE
OUT > Task :platform-fabric:classes UP-TO-DATE
OUT > Task :platform-fabric:compileClientJava UP-TO-DATE
OUT > Task :platform-fabric:clientClasses UP-TO-DATE
OUT > Task :platform-fabric:configureLaunch UP-TO-DATE
OUT > Task :platform-fabric:downloadAssets UP-TO-DATE
OUT > Task :platform-fabric:configureClientLaunch UP-TO-DATE
OUT
OUT > Task :platform-fabric:runClient
OUT [21:40:05] [main/WARN] (FabricLoader/Knot) Class path entries reference missing files: D:\Terrainwright\platform-fabric\build\resources\client - the game may not load properly!
OUT [21:40:05] [main/INFO] (FabricLoader/GameProvider) Loading Minecraft 26.2 with Fabric Loader 0.19.3
OUT [21:40:05] [main/INFO] (FabricLoader/Mappings) Mappings not present!
OUT [21:40:05] [main/INFO] (FabricLoader) Loading 51 mods:
OUT 	- fabric-api 0.154.2+26.2
OUT 	- fabric-api-base 2.0.4+ece063239e
OUT 	- fabric-api-lookup-api-v1 2.0.17+11e1c9a39e
OUT 	- fabric-biome-api-v1 18.0.6+c7bd5b8e9e
OUT 	- fabric-block-api-v1 3.0.3+ec56b6019e
OUT 	- fabric-block-getter-api-v2 2.0.7+ec56b6019e
OUT 	- fabric-client-gametest-api-v1 5.1.1+37925be69e
OUT 	- fabric-command-api-v2 3.1.0+00cb03469e
OUT 	- fabric-content-registries-v0 11.2.2+b7a678a99e
OUT 	- fabric-convention-tags-v2 4.7.0+1f023a9e9e
OUT 	- fabric-crash-report-info-v1 1.0.5+086d547a9e
OUT 	- fabric-creative-tab-api-v1 5.0.14+d871b99e9e
OUT 	- fabric-data-attachment-api-v1 2.2.17+aa0fd6fe9e
OUT 	- fabric-data-generation-api-v1 25.4.4+9e7dc27f9e
OUT 	- fabric-debug-api-v1 1.0.2+c792624d9e
OUT 	- fabric-dimensions-v1 5.1.9+9cbf5da59e
OUT 	- fabric-entity-events-v1 5.0.5+06488ac19e
OUT 	- fabric-events-interaction-v0 5.2.6+8f57f7ee9e
OUT 	- fabric-game-rule-api-v1 4.0.8+46a6d00c9e
OUT 	- fabric-gametest-api-v1 4.0.21+4a7fa0819e
OUT 	- fabric-item-api-v1 14.2.0+7aec7be39e
OUT 	- fabric-key-mapping-api-v1 2.0.5+e2bdee789e
OUT 	- fabric-lifecycle-events-v1 4.1.3+4575b05f9e
OUT 	- fabric-loot-api-v3 3.0.17+06488ac19e
OUT 	- fabric-menu-api-v1 2.0.16+086d547a9e
OUT 	- fabric-message-api-v1 7.0.7+086d547a9e
OUT 	- fabric-model-loading-api-v1 8.0.15+c80601bb9e
OUT 	- fabric-networking-api-v1 6.3.3+72073ef09e
OUT 	- fabric-object-builder-api-v1 24.1.0+6fcd5f039e
OUT 	- fabric-particles-v1 5.0.18+d1756aa99e
OUT 	- fabric-permission-api-v1 1.0.3+b7020ca29e
OUT 	- fabric-recipe-api-v1 9.0.20+11e1c9a39e
OUT 	- fabric-registry-sync-v0 7.1.0+c7bd5b8e9e
OUT 	- fabric-renderer-api-v1 14.1.2+2b0d8a229e
OUT 	- fabric-renderer-indigo 9.1.2+2b0d8a229e
OUT 	- fabric-rendering-fluids-v1 6.0.4+06488ac19e
OUT 	- fabric-rendering-v1 25.3.1+6988455e9e
OUT 	- fabric-resource-conditions-api-v1 6.1.0+10e9a28b9e
OUT 	- fabric-resource-loader-v0 3.3.20+4fc5413f9e
OUT 	- fabric-resource-loader-v1 2.0.13+9edec1269e
OUT 	- fabric-screen-api-v1 5.1.0+48e3c0b09e
OUT 	- fabric-serialization-api-v1 2.0.4+11a26f319e
OUT 	- fabric-sound-api-v1 2.0.5+11a26f319e
OUT 	- fabric-tag-api-v1 2.1.3+794df31d9e
OUT 	- fabric-transfer-api-v1 8.0.11+39b5a3929e
OUT 	- fabric-transitive-access-wideners-v1 8.1.4+67c847259e
OUT 	- fabricloader 0.19.3
OUT 	- java 25
OUT 	- minecraft 26.2
OUT 	- mixinextras 0.5.4
OUT 	- smart_survival_architect 0.1.0-SNAPSHOT
OUT [21:40:05] [main/INFO] (FabricLoader/Mixin) SpongePowered MIXIN Subsystem Version=0.8.7 Source=file:/C:/Users/clone/.gradle/caches/modules-2/files-2.1/net.fabricmc/sponge-mixin/0.17.3+mixin.0.8.7/41c4a3984a80f4679e759fb9f495587acc5cdac7/sponge-mixin-0.17.3+mixin.0.8.7.jar Service=Knot/Fabric Env=CLIENT
OUT [21:40:06] [main/INFO] (FabricLoader/Mixin) Compatibility level set to JAVA_25
OUT [21:40:07] [main/INFO] (FabricLoader/MixinExtras|Service) Initializing MixinExtras via com.llamalad7.mixinextras.service.MixinExtrasServiceImpl(version=0.5.4).
OUT [21:40:07] [Datafixer Bootstrap #0/INFO] (Minecraft) 295 Datafixer optimizations took 285 milliseconds
OUT [21:40:12] [Render thread/INFO] (Minecraft) Environment: Environment[sessionHost=https://sessionserver.mojang.com, servicesHost=https://api.minecraftservices.com, profilesHost=https://api.mojang.com, name=PROD]
OUT [21:40:12] [Render thread/INFO] (Minecraft) Setting user: Player773
OUT [21:40:13] [Render thread/INFO] (smart_survival_architect) SSA_S1_COMMON_READY block=smart_survival_architect:spike_marker
OUT [21:40:13] [Render thread/INFO] (smart_survival_architect) SSA_S1_CLIENT_READY
OUT [21:40:13] [Render thread/INFO] (Indigo) [Indigo] Registering Indigo renderer!
OUT [21:40:13] [Render thread/INFO] (Minecraft) Backend library: LWJGL version 3.4.1-snapshot
OUT [21:40:13] [Render thread/WARN] (Minecraft) Detected unexpected shutdown during last game startup: resetting fullscreen mode
OUT [21:40:13] [Render thread/WARN] (Minecraft) Detected unexpected shutdown during last game startup: forcing preferred graphics API to OpenGL
OUT [21:40:13] [Render thread/INFO] (Minecraft) Using graphics backend OpenGL, using drivers: 3.3.0 NVIDIA 591.86
OUT [21:40:13] [Render thread/INFO] (Minecraft) Using graphics device: NVIDIA GeForce RTX 4060/PCIe/SSE2 (NVIDIA Corporation)
OUT [21:40:13] [Render thread/INFO] (Minecraft) Using graphics device extensions: GL_ARB_multi_draw_indirect, GL_ARB_buffer_storage, GL_ARB_shader_draw_parameters, GL_ARB_base_instance, GL_KHR_debug, GL_ARB_draw_indirect, GL_ARB_clip_control, GL_ARB_vertex_attrib_binding, GL_ARB_direct_state_access, GL_EXT_texture_filter_anisotropic
OUT [21:40:14] [Render thread/INFO] (Minecraft) Reloading ResourceManager: vanilla, fabric-api, fabric-api-base, fabric-api-lookup-api-v1, fabric-biome-api-v1, fabric-block-api-v1, fabric-block-getter-api-v2, fabric-client-gametest-api-v1, fabric-command-api-v2, fabric-content-registries-v0, fabric-convention-tags-v2, fabric-crash-report-info-v1, fabric-creative-tab-api-v1, fabric-data-attachment-api-v1, fabric-data-generation-api-v1, fabric-debug-api-v1, fabric-dimensions-v1, fabric-entity-events-v1, fabric-events-interaction-v0, fabric-game-rule-api-v1, fabric-gametest-api-v1, fabric-item-api-v1, fabric-key-mapping-api-v1, fabric-lifecycle-events-v1, fabric-loot-api-v3, fabric-menu-api-v1, fabric-message-api-v1, fabric-model-loading-api-v1, fabric-networking-api-v1, fabric-object-builder-api-v1, fabric-particles-v1, fabric-permission-api-v1, fabric-recipe-api-v1, fabric-registry-sync-v0, fabric-renderer-api-v1, fabric-renderer-indigo, fabric-rendering-fluids-v1, fabric-rendering-v1, fabric-resource-conditions-api-v1, fabric-resource-loader-v0, fabric-resource-loader-v1, fabric-screen-api-v1, fabric-serialization-api-v1, fabric-sound-api-v1, fabric-tag-api-v1, fabric-transfer-api-v1, fabric-transitive-access-wideners-v1, fabricloader
OUT [21:40:14] [Worker-Main-10/INFO] (Minecraft) Found unifont_pua-17.0.01.hex, loading
OUT [21:40:14] [Worker-Main-4/INFO] (Minecraft) Found unifont_all_no_pua-17.0.01.hex, loading
OUT [21:40:14] [Render thread/INFO] (smart_survival_architect) SSA_S1_CLIENT_STARTED
OUT [21:40:14] [Worker-Main-9/INFO] (Minecraft) Found unifont_jp_patch-17.0.01.hex, loading
OUT [21:40:15] [Worker-Main-2/WARN] (Minecraft) Missing model for variant: 'Block{smart_survival_architect:spike_marker}'
OUT [21:40:15] [Download-2/INFO] (Minecraft) Could not authorize you against Realms server: java.lang.RuntimeException: Failed to parse into SignedJWT: FabricMC
