MODE=Server
COMMAND=.\\gradlew.bat :platform-fabric:runServer --no-daemon
STARTED=2026-08-10T21:37:59.9727031+07:00
FINISHED=2026-08-10T21:38:16.8463417+07:00
RESULT=PASS
DETAIL=Readiness markers observed.

OUT To honour the JVM settings for this build a single-use Daemon process will be forked. For more on this, please refer to https://docs.gradle.org/9.5.1/userguide/gradle_daemon.html#sec:disabling_the_daemon in the Gradle documentation.
OUT Daemon will be stopped at the end of the build 
OUT 
OUT > Configure project :platform-fabric
OUT Fabric Loom: 1.17.19
OUT 
OUT > Task :minecraft-common:processResources NO-SOURCE
OUT > Task :construction-core:processResources NO-SOURCE
OUT > Task :platform-fabric:processResources UP-TO-DATE
OUT > Task :architect-core:compileJava UP-TO-DATE
OUT > Task :platform-fabric:generateLog4jConfig UP-TO-DATE
OUT > Task :architect-core:processResources NO-SOURCE
OUT > Task :architect-core:classes UP-TO-DATE
OUT > Task :construction-core:compileJava NO-SOURCE
OUT > Task :construction-core:classes UP-TO-DATE
OUT > Task :minecraft-common:compileJava NO-SOURCE
OUT > Task :minecraft-common:classes UP-TO-DATE
OUT > Task :construction-core:jar UP-TO-DATE
OUT > Task :architect-core:jar UP-TO-DATE
OUT > Task :platform-fabric:generateDLIConfig UP-TO-DATE
OUT > Task :minecraft-common:jar UP-TO-DATE
OUT > Task :platform-fabric:compileJava UP-TO-DATE
OUT > Task :platform-fabric:classes UP-TO-DATE
OUT > Task :platform-fabric:configureLaunch UP-TO-DATE
OUT 
OUT > Task :platform-fabric:runServer
OUT [21:38:05] [main/INFO] (FabricLoader/GameProvider) Loading Minecraft 26.2 with Fabric Loader 0.19.3
OUT [21:38:05] [main/INFO] (FabricLoader/Mappings) Mappings not present!
OUT [21:38:06] [main/INFO] (FabricLoader) Loading 43 mods:
OUT 	- fabric-api 0.154.2+26.2
OUT 	   |-- fabric-key-mapping-api-v1 2.0.5+e2bdee789e
OUT 	   |-- fabric-model-loading-api-v1 8.0.15+c80601bb9e
OUT 	   |-- fabric-renderer-api-v1 14.1.2+2b0d8a229e
OUT 	   |-- fabric-renderer-indigo 9.1.2+2b0d8a229e
OUT 	   |-- fabric-rendering-v1 25.3.1+6988455e9e
OUT 	   |-- fabric-screen-api-v1 5.1.0+48e3c0b09e
OUT 	   \-- fabric-sound-api-v1 2.0.5+11a26f319e
OUT 	- fabric-api-base 2.0.4+ece063239e
OUT 	- fabric-api-lookup-api-v1 2.0.17+11e1c9a39e
OUT 	- fabric-biome-api-v1 18.0.6+c7bd5b8e9e
OUT 	- fabric-block-api-v1 3.0.3+ec56b6019e
OUT 	- fabric-block-getter-api-v2 2.0.7+ec56b6019e
OUT 	- fabric-command-api-v2 3.1.0+00cb03469e
OUT 	- fabric-content-registries-v0 11.2.2+b7a678a99e
OUT 	- fabric-convention-tags-v2 4.7.0+1f023a9e9e
OUT 	- fabric-crash-report-info-v1 1.0.5+086d547a9e
OUT 	- fabric-creative-tab-api-v1 5.0.14+d871b99e9e
OUT 	- fabric-data-attachment-api-v1 2.2.17+aa0fd6fe9e
OUT 	- fabric-data-generation-api-v1 25.4.4+9e7dc27f9e
OUT 	- fabric-debug-api-v1 1.0.2+c792624d9e
OUT 	- fabric-dimensions-v1 5.1.9+9cbf5da59e
OUT 	- fabric-entity-events-v1 5.0.5+06488ac19e
OUT 	- fabric-events-interaction-v0 5.2.6+8f57f7ee9e
OUT 	- fabric-game-rule-api-v1 4.0.8+46a6d00c9e
OUT 	- fabric-gametest-api-v1 4.0.21+4a7fa0819e
OUT 	- fabric-item-api-v1 14.2.0+7aec7be39e
OUT 	- fabric-lifecycle-events-v1 4.1.3+4575b05f9e
OUT 	- fabric-loot-api-v3 3.0.17+06488ac19e
OUT 	- fabric-menu-api-v1 2.0.16+086d547a9e
OUT 	- fabric-message-api-v1 7.0.7+086d547a9e
OUT 	- fabric-networking-api-v1 6.3.3+72073ef09e
OUT 	- fabric-object-builder-api-v1 24.1.0+6fcd5f039e
OUT 	- fabric-particles-v1 5.0.18+d1756aa99e
OUT 	- fabric-permission-api-v1 1.0.3+b7020ca29e
OUT 	- fabric-recipe-api-v1 9.0.20+11e1c9a39e
OUT 	- fabric-registry-sync-v0 7.1.0+c7bd5b8e9e
OUT 	- fabric-rendering-fluids-v1 6.0.4+06488ac19e
OUT 	- fabric-resource-conditions-api-v1 6.1.0+10e9a28b9e
OUT 	- fabric-resource-loader-v0 3.3.20+4fc5413f9e
OUT 	- fabric-resource-loader-v1 2.0.13+9edec1269e
OUT 	- fabric-serialization-api-v1 2.0.4+11a26f319e
OUT 	- fabric-tag-api-v1 2.1.3+794df31d9e
OUT 	- fabric-transfer-api-v1 8.0.11+39b5a3929e
OUT 	- fabric-transitive-access-wideners-v1 8.1.4+67c847259e
OUT 	- fabricloader 0.19.3
OUT 	- java 25
OUT 	- minecraft 26.2
OUT 	- mixinextras 0.5.4
OUT 	- smart_survival_architect 0.1.0-SNAPSHOT
OUT [21:38:06] [main/INFO] (FabricLoader/Mixin) SpongePowered MIXIN Subsystem Version=0.8.7 Source=file:/C:/Users/clone/.gradle/caches/modules-2/files-2.1/net.fabricmc/sponge-mixin/0.17.3+mixin.0.8.7/41c4a3984a80f4679e759fb9f495587acc5cdac7/sponge-mixin-0.17.3+mixin.0.8.7.jar Service=Knot/Fabric Env=SERVER
OUT [21:38:06] [main/INFO] (FabricLoader/Mixin) Compatibility level set to JAVA_25
OUT [21:38:06] [main/INFO] (FabricLoader/MixinExtras|Service) Initializing MixinExtras via com.llamalad7.mixinextras.service.MixinExtrasServiceImpl(version=0.5.4).
OUT [21:38:11] [main/INFO] (smart_survival_architect) SSA_S1_COMMON_READY block=smart_survival_architect:spike_marker
OUT [21:38:11] [main/INFO] (Minecraft) Environment: Environment[sessionHost=https://sessionserver.mojang.com, servicesHost=https://api.minecraftservices.com, profilesHost=https://api.mojang.com, name=PROD]
OUT [21:38:12] [Worker-Main-11/INFO] (Minecraft) No existing world data, creating new world
OUT [21:38:13] [main/INFO] (Minecraft) Loaded 1585 recipes
OUT [21:38:13] [main/INFO] (Minecraft) Loaded 1688 advancements
OUT [21:38:13] [main/INFO] (BiomeModificationImpl) Applied 0 biome modifications to 0 of 66 new biomes in 1.166 ms
OUT [21:38:13] [Server thread/INFO] (Minecraft) Starting minecraft server version 26.2
OUT [21:38:13] [Server thread/INFO] (Minecraft) Loading properties
OUT [21:38:13] [Server thread/INFO] (Minecraft) Default game type: SURVIVAL
OUT [21:38:13] [Server thread/INFO] (Minecraft) Generating keypair
OUT [21:38:13] [Server thread/INFO] (Minecraft) Starting Minecraft server on *:25565
OUT [21:38:13] [Server thread/INFO] (Minecraft) Preparing level "world"
OUT [21:38:13] [Server thread/INFO] (Minecraft) Selecting global world spawn...
OUT [21:38:15] [Server thread/INFO] (Minecraft) Loading 0 persistent chunks...
OUT [21:38:15] [Server thread/INFO] (Minecraft) Preparing spawn area: 100%
OUT [21:38:15] [Server thread/INFO] (Minecraft) Time elapsed: 1709 ms
OUT [21:38:15] [Server thread/INFO] (Minecraft) Done (1.951s)! For help, type "help"
OUT [21:38:15] [Server thread/INFO] (Minecraft) Saving chunks for level 'ServerLevel[world]'/minecraft:overworld
OUT [21:38:15] [Server thread/INFO] (Minecraft) Saving chunks for level 'ServerLevel[world]'/minecraft:the_nether
OUT [21:38:15] [Server thread/INFO] (Minecraft) Saving chunks for level 'ServerLevel[world]'/minecraft:the_end
OUT [21:38:15] [Server thread/INFO] (Minecraft) ThreadedAnvilChunkStorage (world): All chunks are saved
OUT [21:38:15] [Server thread/INFO] (Minecraft) ThreadedAnvilChunkStorage (DIM-1): All chunks are saved
OUT [21:38:15] [Server thread/INFO] (Minecraft) ThreadedAnvilChunkStorage (DIM1): All chunks are saved
OUT [21:38:15] [Server thread/INFO] (Minecraft) ThreadedAnvilChunkStorage: All dimensions are saved
OUT [21:38:15] [Server thread/INFO] (Minecraft) Stopping the server
OUT [21:38:15] [Server thread/INFO] (Minecraft) Stopping server
OUT [21:38:15] [Server thread/INFO] (Minecraft) Saving players
OUT [21:38:15] [Server thread/INFO] (Minecraft) Saving worlds
OUT [21:38:15] [Server thread/INFO] (Minecraft) Saving chunks for level 'ServerLevel[world]'/minecraft:overworld
OUT [21:38:15] [Server thread/INFO] (Minecraft) Saving chunks for level 'ServerLevel[world]'/minecraft:the_nether
OUT [21:38:15] [Server thread/INFO] (Minecraft) Saving chunks for level 'ServerLevel[world]'/minecraft:the_end
OUT [21:38:15] [Server thread/INFO] (Minecraft) ThreadedAnvilChunkStorage (world): All chunks are saved
OUT [21:38:15] [Server thread/INFO] (Minecraft) ThreadedAnvilChunkStorage (DIM-1): All chunks are saved
OUT [21:38:15] [Server thread/INFO] (Minecraft) ThreadedAnvilChunkStorage (DIM1): All chunks are saved
OUT [21:38:15] [Server thread/INFO] (Minecraft) ThreadedAnvilChunkStorage: All dimensions are saved
OUT 
OUT BUILD SUCCESSFUL in 16s
OUT 9 actionable tasks: 1 executed, 8 up-to-date
